git push 错误
error:src refspec master does not match any
解决方法 先commit在push
git commit -m 'first commit'
git push origin master

git commit error 'Changes not staged for commit:
        modified:   app/src/main/java/com/jx/myktapplication/exec/ExToast.kt
        modified:   app/src/main/java/com/jx/myktapplication/fragment/home/HomeFragment.kt'
    在执行commit之前先 执行git add
    或者使用 git commit -am 'XXXXX'

执行commit之前先 执行git add
Administrator@REGDHNLUN29FCVN MINGW64 /f/testPy/learngit (master)
$ git add
Nothing specified, nothing added.
Maybe you wanted to say 'git add .'?

Administrator@REGDHNLUN29FCVN MINGW64 /f/testPy/learngit (master)
$ git add .

Administrator@REGDHNLUN29FCVN MINGW64 /f/testPy/learngit (master)
$ git commit -m 'git.txt'
[master 5784b74] git.txt
 2 files changed, 24 insertions(+)
 create mode 100644 git.txt
 create mode 100644 lock.txt

Administrator@REGDHNLUN29FCVN MINGW64 /f/testPy/learngit (master)
$ git pull
Already up to date.

Administrator@REGDHNLUN29FCVN MINGW64 /f/testPy/learngit (master)
$ git push origin master
Counting objects: 4, done.
Delta compression using up to 4 threads.
Compressing objects: 100% (4/4), done.
Writing objects: 100% (4/4), 915 bytes | 915.00 KiB/s, done.
Total 4 (delta 1), reused 0 (delta 0)
remote: Resolving deltas: 100% (1/1), completed with 1 local object.
To github.com:tancongcong123/learngit.git
   7889ee9..5784b74  master -> master


git commit -am 'XXXXX'
Administrator@REGDHNLUN29FCVN MINGW64 /f/testPy/learngit (master)
$ git commit -am 'git.txt 2'
[master 499224d] git.txt 2
 1 file changed, 32 insertions(+), 1 deletion(-)

Administrator@REGDHNLUN29FCVN MINGW64 /f/testPy/learngit (master)
$ git pull
Already up to date.

Administrator@REGDHNLUN29FCVN MINGW64 /f/testPy/learngit (master)
$ git push origin master
Counting objects: 3, done.
Delta compression using up to 4 threads.
Compressing objects: 100% (3/3), done.
Writing objects: 100% (3/3), 930 bytes | 930.00 KiB/s, done.
Total 3 (delta 1), reused 0 (delta 0)
remote: Resolving deltas: 100% (1/1), completed with 1 local object.
To github.com:tancongcong123/learngit.git
   5784b74..499224d  master -> master
